(Percentile)
Precision | Recall | F1 Score | F1 Score (Weighted) | ACC | AUC | PR AUC | ARI | MCC | DBI | SS
0.8083,0.8712,0.8166,0.8487,0.8400,0.9696,0.9231,0.5947,0.7787,0.8197,0.3754
0.5667,0.5673,0.5410,0.6811,0.6400,0.8789,0.7534,0.4473,0.5019,1.0176,0.2708
1.0000,1.0000,1.0000,1.0000,1.0000,1.0000,1.0000,1.0000,1.0000,0.5810,0.5592
0.8601,0.8948,0.8722,0.8817,0.8800,0.9733,0.9472,0.7000,0.8374,0.7377,0.4035
0.8583,0.8125,0.8106,0.8303,0.8400,0.9285,0.8587,0.6581,0.7866,0.7007,0.4482
0.9083,0.9306,0.9158,0.9210,0.9200,0.9920,0.9771,0.7951,0.8935,0.8783,0.3723
0.8111,0.8687,0.8281,0.8431,0.8400,0.9456,0.8837,0.5843,0.7791,0.7281,0.4823
0.9583,0.9167,0.9318,0.9200,0.9200,0.9541,0.9468,0.7432,0.8917,0.6586,0.5070
1.0000,1.0000,1.0000,1.0000,1.0000,1.0000,1.0000,1.0000,1.0000,0.9020,0.3499
0.5379,0.6104,0.5587,0.7238,0.7500,0.9161,0.8221,0.5590,0.6495,1.1224,0.2493
Final Result | Precision: 0.8309 ï¿½ 0.1541 | Recall: 0.8472 ï¿½ 0.1405 | F1 Score: 0.8275 ï¿½ 0.1533 | F1 Score (Weighted): 0.8650 ï¿½ 0.0993 | ACC: 0.8630 ï¿½ 0.1041 | ARI: 0.7082 ï¿½ 0.1733 | MCC: 0.8119 ï¿½ 0.1448 | AUC: 0.9558 ï¿½ 0.0375 | PR AUC: 0.9112 ï¿½ 0.0769 | DBI: 0.8146 ï¿½ 0.1591 | SS: 0.4018 ï¿½ 0.0944
(No Percentile)
Precision | Recall | F1 Score | F1 Score (Weighted) | ACC | AUC | PR AUC | ARI | MCC | DBI | SS
0.8523,0.8939,0.8485,0.8897,0.8800,0.9701,0.9250,0.7097,0.8338,0.8096,0.3920
0.5667,0.5673,0.5410,0.6811,0.6400,0.9141,0.8137,0.4473,0.5019,1.0815,0.2550
1.0000,1.0000,1.0000,1.0000,1.0000,1.0000,1.0000,1.0000,1.0000,0.6281,0.5274
0.8125,0.8115,0.8103,0.8428,0.8400,0.9856,0.9646,0.6339,0.7805,0.7369,0.3968
0.8583,0.8125,0.8106,0.8303,0.8400,0.9600,0.9288,0.6581,0.7866,0.6595,0.4428
0.8806,0.8889,0.8801,0.8804,0.8800,0.9771,0.9399,0.6787,0.8381,0.8920,0.3763
0.7667,0.8125,0.7792,0.7973,0.8000,0.9317,0.8540,0.5336,0.7143,0.7319,0.4608
0.9583,0.9167,0.9318,0.9200,0.9200,0.9483,0.8909,0.7432,0.8917,0.6810,0.5073
0.9688,0.9500,0.9556,0.9574,0.9583,0.9878,0.9701,0.8962,0.9438,0.8548,0.3646
0.6889,0.6687,0.6730,0.7766,0.7500,0.9149,0.8288,0.5685,0.6503,1.3564,0.2060
Final Result | Precision: 0.8353 ï¿½ 0.1272 | Recall: 0.8322 ï¿½ 0.1242 | F1 Score: 0.8230 ï¿½ 0.1300 | F1 Score (Weighted): 0.8576 ï¿½ 0.0883 | ACC: 0.8508 ï¿½ 0.0989 | ARI: 0.6869 ï¿½ 0.1563 | MCC: 0.7941 ï¿½ 0.1380 | AUC: 0.9590 ï¿½ 0.0291 | PR AUC: 0.9116 ï¿½ 0.0596 | DBI: 0.8432 ï¿½ 0.2130 | SS: 0.3929 ï¿½ 0.0966
(No Mirna)
Precision | Recall | F1 Score | F1 Score (Weighted) | ACC | AUC | PR AUC | ARI | MCC | DBI | SS
0.8523,0.8939,0.8485,0.8897,0.8800,0.9728,0.9330,0.7097,0.8338,0.7758,0.3903
0.6250,0.5865,0.5742,0.7109,0.6800,0.9024,0.8075,0.4985,0.5403,0.9583,0.2742
1.0000,1.0000,1.0000,1.0000,1.0000,1.0000,1.0000,1.0000,1.0000,0.5578,0.5728
0.8601,0.8948,0.8722,0.8817,0.8800,0.9744,0.9454,0.7000,0.8374,0.6989,0.4253
0.8583,0.8125,0.8106,0.8303,0.8400,0.9477,0.9076,0.6581,0.7866,0.6870,0.4611
0.9083,0.9306,0.9158,0.9210,0.9200,0.9600,0.9253,0.7951,0.8935,0.8283,0.3965
0.8111,0.8687,0.8281,0.8431,0.8400,0.9328,0.8339,0.5843,0.7791,0.6961,0.5014
0.9583,0.9167,0.9318,0.9200,0.9200,0.9557,0.9364,0.7432,0.8917,0.5877,0.5520
0.9062,0.9222,0.9051,0.9175,0.9167,0.9965,0.9904,0.7875,0.8889,0.8372,0.3683
0.4794,0.5542,0.5016,0.6397,0.6667,0.9068,0.8137,0.3215,0.5238,1.1036,0.2473
Final Result | Precision: 0.8259 ï¿½ 0.1499 | Recall: 0.8380 ï¿½ 0.1414 | F1 Score: 0.8188 ï¿½ 0.1506 | F1 Score (Weighted): 0.8554 ï¿½ 0.1016 | ACC: 0.8543 ï¿½ 0.1005 | ARI: 0.6798 ï¿½ 0.1742 | MCC: 0.7975 ï¿½ 0.1456 | AUC: 0.9549 ï¿½ 0.0318 | PR AUC: 0.9093 ï¿½ 0.0655 | DBI: 0.7731 ï¿½ 0.1582 | SS: 0.4189 ï¿½ 0.1021
(No Methy)
Precision | Recall | F1 Score | F1 Score (Weighted) | ACC | AUC | PR AUC | ARI | MCC | DBI | SS
0.8523,0.8939,0.8485,0.8897,0.8800,0.9755,0.9285,0.7097,0.8338,0.7571,0.4296
0.6250,0.6173,0.5867,0.7176,0.6800,0.8555,0.6512,0.4822,0.5633,0.9118,0.3241
1.0000,1.0000,1.0000,1.0000,1.0000,1.0000,1.0000,1.0000,1.0000,0.4806,0.6242
0.8240,0.8532,0.8326,0.8374,0.8400,0.9813,0.9577,0.6054,0.7810,0.6177,0.4381
0.8295,0.7875,0.7810,0.7989,0.8000,0.9627,0.9178,0.5468,0.7325,0.7157,0.4725
0.8786,0.9028,0.8833,0.8818,0.8800,0.9888,0.9693,0.6911,0.8439,0.8207,0.4361
0.8111,0.8687,0.8281,0.8431,0.8400,0.9349,0.8672,0.5843,0.7791,0.6952,0.5182
0.9583,0.9167,0.9318,0.9200,0.9200,0.9499,0.8823,0.7432,0.8917,0.5698,0.5607
0.9375,0.9722,0.9496,0.9601,0.9583,0.9983,0.9950,0.8922,0.9449,0.8631,0.4242
0.5660,0.6687,0.5802,0.7302,0.7500,0.8947,0.8228,0.5145,0.6753,1.0387,0.2669
Final Result | Precision: 0.8282 ï¿½ 0.1311 | Recall: 0.8481 ï¿½ 0.1174 | F1 Score: 0.8222 ï¿½ 0.1342 | F1 Score (Weighted): 0.8579 ï¿½ 0.0873 | ACC: 0.8548 ï¿½ 0.0907 | ARI: 0.6769 ï¿½ 0.1585 | MCC: 0.8046 ï¿½ 0.1221 | AUC: 0.9541 ï¿½ 0.0449 | PR AUC: 0.8992 ï¿½ 0.0988 | DBI: 0.7470 ï¿½ 0.1594 | SS: 0.4495 ï¿½ 0.0993
(No gene)
Precision | Recall | F1 Score | F1 Score (Weighted) | ACC | AUC | PR AUC | ARI | MCC | DBI | SS
0.6554,0.7235,0.6610,0.6803,0.6800,0.8773,0.7275,0.2790,0.5528,0.9933,0.2365
0.4754,0.5731,0.4792,0.5633,0.5600,0.7616,0.6194,0.2985,0.3702,0.9954,0.1964
0.7917,0.7882,0.7074,0.7314,0.7200,0.8635,0.7542,0.4890,0.6830,0.9556,0.1901
0.6410,0.6230,0.6273,0.6860,0.6800,0.9088,0.8172,0.3480,0.5603,0.9272,0.2129
0.6923,0.6792,0.6521,0.6816,0.7200,0.9301,0.8480,0.5213,0.6236,0.6854,0.2663
0.6701,0.6319,0.6350,0.6885,0.6800,0.9317,0.8569,0.3902,0.5730,0.8024,0.3831
0.7698,0.8375,0.7923,0.8023,0.8000,0.9083,0.8053,0.4957,0.7212,0.8588,0.3211
0.6896,0.6917,0.6850,0.6786,0.6800,0.9077,0.8351,0.2432,0.5573,0.9456,0.1945
0.5451,0.6008,0.5707,0.6793,0.7083,0.8750,0.7629,0.4584,0.5907,0.8434,0.0730
0.4437,0.4396,0.4405,0.5813,0.5833,0.8154,0.6240,0.2548,0.3888,0.8010,0.2922
Final Result | Precision: 0.6374 ï¿½ 0.1099 | Recall: 0.6588 ï¿½ 0.1073 | F1 Score: 0.6250 ï¿½ 0.0994 | F1 Score (Weighted): 0.6773 ï¿½ 0.0640 | ACC: 0.6812 ï¿½ 0.0649 | ARI: 0.3778 ï¿½ 0.1018 | MCC: 0.5621 ï¿½ 0.1057 | AUC: 0.8779 ï¿½ 0.0510 | PR AUC: 0.7651 ï¿½ 0.0820 | DBI: 0.8808 ï¿½ 0.0950 | SS: 0.2366 ï¿½ 0.0809
Precision | Recall | F1 Score | F1 Score (Weighted) | ACC | AUC | PR AUC | ARI | MCC | DBI | SS
0.8250,0.8712,0.8117,0.8592,0.8400,0.9632,0.9010,0.6186,0.7861,0.7195,0.4290
0.5417,0.5481,0.5193,0.6358,0.6000,0.8688,0.7319,0.2871,0.4430,0.9244,0.3283
1.0000,1.0000,1.0000,1.0000,1.0000,1.0000,1.0000,1.0000,1.0000,0.4555,0.6389
0.8143,0.8532,0.8189,0.8434,0.8400,0.9627,0.9348,0.6347,0.7873,0.5848,0.4970
0.8583,0.8125,0.8106,0.8303,0.8400,0.9632,0.9152,0.6581,0.7866,0.6308,0.4823
0.8333,0.8611,0.8354,0.8430,0.8400,0.9760,0.9367,0.6426,0.7923,0.7651,0.4576
0.7708,0.8375,0.7915,0.8050,0.8000,0.9099,0.8063,0.5024,0.7242,0.7388,0.5294
0.9583,0.9167,0.9318,0.9200,0.9200,0.9701,0.9093,0.7432,0.8917,0.5125,0.6024
0.9062,0.9222,0.9051,0.9175,0.9167,0.9959,0.9887,0.7875,0.8889,0.7162,0.4536
0.5333,0.6062,0.5173,0.6522,0.6667,0.9016,0.8111,0.3045,0.5683,0.8459,0.3210
Final Result | Precision: 0.8041 ï¿½ 0.1484 | Recall: 0.8229 ï¿½ 0.1332 | F1 Score: 0.7942 ï¿½ 0.1512 | F1 Score (Weighted): 0.8306 ï¿½ 0.1076 | ACC: 0.8263 ï¿½ 0.1119 | ARI: 0.6179 ï¿½ 0.2035 | MCC: 0.7668 ï¿½ 0.1526 | AUC: 0.9511 ï¿½ 0.0409 | PR AUC: 0.8935 ï¿½ 0.0808 | DBI: 0.6894 ï¿½ 0.1378 | SS: 0.4739 ï¿½ 0.0973
Precision | Recall | F1 Score | F1 Score (Weighted) | ACC | AUC | PR AUC | ARI | MCC | DBI | SS
0.8250,0.8712,0.8117,0.8592,0.8400,0.9728,0.9180,0.6186,0.7861,0.7172,0.4414
0.5917,0.5981,0.5670,0.6855,0.6400,0.9003,0.8068,0.3503,0.5150,0.9899,0.3380
0.9583,0.9688,0.9606,0.9605,0.9600,0.9995,0.9984,0.8943,0.9464,0.4862,0.6130
0.8601,0.8948,0.8722,0.8817,0.8800,0.9669,0.9422,0.7000,0.8374,0.6717,0.4728
0.8583,0.8125,0.8106,0.8303,0.8400,0.9403,0.8866,0.6581,0.7866,0.6023,0.5025
0.7929,0.8194,0.7869,0.8023,0.8000,0.9392,0.9047,0.6162,0.7441,0.7319,0.5002
0.7667,0.8125,0.7792,0.7973,0.8000,0.9051,0.7884,0.5336,0.7143,0.6422,0.5297
0.9583,0.9167,0.9318,0.9200,0.9200,0.9744,0.9416,0.7432,0.8917,0.5279,0.5906
0.9062,0.9222,0.9051,0.9175,0.9167,0.9954,0.9868,0.7875,0.8889,0.8763,0.4356
0.7910,0.7521,0.7543,0.8050,0.7917,0.9097,0.8444,0.5498,0.7061,0.8318,0.3011
Final Result | Precision: 0.8309 ï¿½ 0.1021 | Recall: 0.8368 ï¿½ 0.1006 | F1 Score: 0.8179 ï¿½ 0.1065 | F1 Score (Weighted): 0.8459 ï¿½ 0.0756 | ACC: 0.8388 ï¿½ 0.0859 | ARI: 0.6452 ï¿½ 0.1432 | MCC: 0.7817 ï¿½ 0.1169 | AUC: 0.9503 ï¿½ 0.0350 | PR AUC: 0.9018 ï¿½ 0.0674 | DBI: 0.7077 ï¿½ 0.1491 | SS: 0.4725 ï¿½ 0.0940
(w/o Contrastive)
Precision | Recall | F1 Score | F1 Score (Weighted) | ACC | AUC | PR AUC | ARI | MCC | DBI | SS
0.8810,0.9545,0.9058,0.9215,0.9200,0.9883,0.9681,0.7712,0.8932,1.4309,0.1466
0.5074,0.5365,0.5171,0.6364,0.6400,0.9045,0.7965,0.4090,0.4456,1.7666,0.1121
1.0000,1.0000,1.0000,1.0000,1.0000,1.0000,1.0000,1.0000,1.0000,1.5376,0.1573
0.7833,0.7698,0.7713,0.8034,0.8000,0.9627,0.9144,0.5419,0.7277,1.3034,0.1989
0.7696,0.7375,0.7336,0.7691,0.7600,0.8965,0.7800,0.5458,0.6794,1.2468,0.2491
0.7860,0.7639,0.7500,0.7520,0.7600,0.9792,0.9453,0.4243,0.6818,1.3715,0.2108
0.8264,0.8375,0.8298,0.8023,0.8000,0.9627,0.9129,0.4631,0.7156,1.0953,0.2736
0.8472,0.8667,0.8317,0.8532,0.8400,0.9403,0.8887,0.5985,0.7917,1.5305,0.1855
0.8292,0.8167,0.8202,0.8692,0.8750,0.9890,0.9716,0.7850,0.8256,2.4283,0.0750
0.7937,0.7208,0.7248,0.7866,0.7500,0.8819,0.7891,0.4737,0.6676,1.4366,0.1230
Final Result | Precision: 0.8024 ± 0.1172 | Recall: 0.8004 ± 0.1232 | F1 Score: 0.7884 ± 0.1207 | F1 Score (Weighted): 0.8194 ± 0.0943 | ACC: 0.8145 ± 0.0953 | ARI: 0.6012 ± 0.1822 | MCC: 0.7428 ± 0.1417 | AUC: 0.9505 ± 0.0404 | PR AUC: 0.8967 ± 0.0772 | DBI: 1.5147 ± 0.3500 | SS: 0.1732 ± 0.0591
