(Percentile)
Precision | Recall | F1 Score | F1 Score (Weighted) | ACC | AUC | PR AUC | ARI | MCC | DBI | SS
0.9583,0.9583,0.9545,0.9600,0.9600,0.9968,0.9916,0.9167,0.9447,0.7423,0.4219
0.7917,0.7768,0.7542,0.7520,0.7600,0.9035,0.8491,0.4336,0.6864,0.9192,0.3022
0.8500,0.8976,0.8497,0.8900,0.8800,0.9856,0.9628,0.7080,0.8372,0.8629,0.3477
0.7758,0.7458,0.7403,0.7675,0.7600,0.9595,0.9039,0.4602,0.6771,0.9179,0.2633
0.8472,0.8500,0.8471,0.9201,0.9200,0.9717,0.9387,0.8423,0.8868,0.7015,0.3866
0.9125,0.9097,0.9096,0.9199,0.9200,0.9941,0.9853,0.8063,0.8879,0.8230,0.3974
0.7708,0.8558,0.7900,0.8352,0.8400,0.9755,0.9393,0.7231,0.7685,0.8906,0.3305
0.9053,0.8080,0.8350,0.8745,0.8800,0.9579,0.9303,0.7054,0.8308,0.7333,0.3830
0.8264,0.8264,0.8248,0.8750,0.8750,0.9508,0.9036,0.7579,0.8251,0.8478,0.4691
0.7485,0.6764,0.6762,0.6968,0.7083,0.9277,0.8355,0.3375,0.6018,0.7986,0.4076
Final Result | Precision: 0.8386 ï¿½ 0.0659 | Recall: 0.8305 ï¿½ 0.0790 | F1 Score: 0.8181 ï¿½ 0.0776 | F1 Score (Weighted): 0.8491 ï¿½ 0.0805 | ACC: 0.8503 ï¿½ 0.0779 | ARI: 0.6691 ï¿½ 0.1824 | MCC: 0.7946 ï¿½ 0.1035 | AUC: 0.9623 ï¿½ 0.0280 | PR AUC: 0.9240 ï¿½ 0.0496 | DBI: 0.8237 ï¿½ 0.0741 | SS: 0.3709 ï¿½ 0.0576
(No Percentile)
Precision | Recall | F1 Score | F1 Score (Weighted) | ACC | AUC | PR AUC | ARI | MCC | DBI | SS
0.9583,0.9583,0.9545,0.9600,0.9600,0.9979,0.9944,0.9167,0.9447,0.7510,0.4141
0.8185,0.8185,0.8000,0.8000,0.8000,0.9205,0.8221,0.4969,0.7391,0.9049,0.3120
0.8750,0.9393,0.8843,0.9307,0.9200,0.9893,0.9722,0.8255,0.8948,0.7761,0.4065
0.7667,0.7500,0.7488,0.7905,0.8000,0.9552,0.8995,0.5878,0.7240,0.9340,0.2078
0.8472,0.8500,0.8471,0.9201,0.9200,0.9931,0.9826,0.8423,0.8868,0.7658,0.3150
0.9750,0.9375,0.9511,0.9582,0.9600,0.9931,0.9843,0.9008,0.9445,0.7826,0.4076
0.7333,0.8365,0.7655,0.7996,0.8000,0.9755,0.9357,0.6162,0.7128,0.9151,0.3538
0.7872,0.8348,0.8000,0.8053,0.8000,0.9744,0.9380,0.5134,0.7261,0.8739,0.4334
0.7569,0.7431,0.7450,0.8221,0.8333,0.9543,0.9030,0.6915,0.7626,0.7545,0.4564
0.7485,0.6764,0.6762,0.6968,0.7083,0.9259,0.8538,0.3375,0.6018,0.8324,0.3946
Final Result | Precision: 0.8267 ï¿½ 0.0819 | Recall: 0.8344 ï¿½ 0.0883 | F1 Score: 0.8173 ï¿½ 0.0867 | F1 Score (Weighted): 0.8483 ï¿½ 0.0837 | ACC: 0.8502 ï¿½ 0.0802 | ARI: 0.6729 ï¿½ 0.1852 | MCC: 0.7937 ï¿½ 0.1101 | AUC: 0.9679 ï¿½ 0.0266 | PR AUC: 0.9286 ï¿½ 0.0555 | DBI: 0.8291 ï¿½ 0.0684 | SS: 0.3701 ï¿½ 0.0705
(No Mirna)
Precision | Recall | F1 Score | F1 Score (Weighted) | ACC | AUC | PR AUC | ARI | MCC | DBI | SS
0.9583,0.9583,0.9545,0.9600,0.9600,0.9979,0.9944,0.9167,0.9447,0.6967,0.4569
0.7917,0.7768,0.7542,0.7520,0.7600,0.8720,0.8063,0.4336,0.6864,0.8901,0.3259
0.8750,0.9393,0.8843,0.9307,0.9200,0.9749,0.9506,0.8255,0.8948,0.7846,0.3936
0.8097,0.7875,0.7790,0.7992,0.8000,0.9573,0.9003,0.5350,0.7315,0.8822,0.2672
0.8472,0.8500,0.8471,0.9201,0.9200,0.9755,0.9411,0.8423,0.8868,0.6345,0.4149
0.8160,0.8542,0.8299,0.8393,0.8400,0.9867,0.9638,0.5947,0.7766,0.8568,0.3844
0.7333,0.8365,0.7655,0.7996,0.8000,0.9669,0.9179,0.6162,0.7128,0.8555,0.3644
0.8667,0.8973,0.8639,0.8804,0.8800,0.9765,0.9519,0.6808,0.8420,0.7896,0.4354
0.8264,0.8264,0.8248,0.8750,0.8750,0.9340,0.8776,0.7579,0.8251,0.8205,0.4881
0.6583,0.6486,0.6425,0.6583,0.6667,0.9144,0.8496,0.2540,0.5413,0.8616,0.4174
Final Result | Precision: 0.8183 ï¿½ 0.0772 | Recall: 0.8375 ï¿½ 0.0842 | F1 Score: 0.8146 ï¿½ 0.0807 | F1 Score (Weighted): 0.8415 ï¿½ 0.0872 | ACC: 0.8422 ï¿½ 0.0834 | ARI: 0.6457 ï¿½ 0.1930 | MCC: 0.7842 ï¿½ 0.1140 | AUC: 0.9556 ï¿½ 0.0364 | PR AUC: 0.9154 ï¿½ 0.0545 | DBI: 0.8072 ï¿½ 0.0795 | SS: 0.3948 ï¿½ 0.0610
(No Methy)
Precision | Recall | F1 Score | F1 Score (Weighted) | ACC | AUC | PR AUC | ARI | MCC | DBI | SS
0.9583,0.9583,0.9545,0.9600,0.9600,0.9973,0.9923,0.9167,0.9447,0.6885,0.4705
0.8542,0.8601,0.8416,0.8445,0.8400,0.9253,0.8542,0.5859,0.7944,0.8170,0.3693
0.8393,0.9036,0.8426,0.8872,0.8800,0.9584,0.9341,0.7307,0.8429,0.7495,0.4295
0.7972,0.7958,0.7878,0.8110,0.8000,0.9504,0.8963,0.5407,0.7307,0.8160,0.3430
0.8021,0.8187,0.8056,0.8909,0.8800,0.9824,0.9518,0.7710,0.8315,0.7120,0.4141
0.8097,0.8542,0.8160,0.8450,0.8400,0.9776,0.9447,0.6160,0.7849,0.8807,0.4111
0.7708,0.8558,0.7900,0.8352,0.8400,0.9467,0.8862,0.7231,0.7685,0.6872,0.3924
0.7723,0.7723,0.7723,0.8400,0.8400,0.9717,0.9346,0.6708,0.7748,0.7709,0.4433
0.8264,0.8264,0.8248,0.8750,0.8750,0.9757,0.9259,0.7579,0.8251,0.8030,0.5249
0.6583,0.6486,0.6425,0.6583,0.6667,0.8872,0.7619,0.2540,0.5413,0.8282,0.4492
Final Result | Precision: 0.8089 ï¿½ 0.0716 | Recall: 0.8294 ï¿½ 0.0785 | F1 Score: 0.8078 ï¿½ 0.0732 | F1 Score (Weighted): 0.8447 ï¿½ 0.0736 | ACC: 0.8422 ï¿½ 0.0710 | ARI: 0.6567 ï¿½ 0.1683 | MCC: 0.7839 ï¿½ 0.0977 | AUC: 0.9573 ï¿½ 0.0305 | PR AUC: 0.9082 ï¿½ 0.0608 | DBI: 0.7753 ï¿½ 0.0617 | SS: 0.4247 ï¿½ 0.0492
(No gene)
Precision | Recall | F1 Score | F1 Score (Weighted) | ACC | AUC | PR AUC | ARI | MCC | DBI | SS
0.7986,0.8068,0.7595,0.7577,0.7600,0.9520,0.8922,0.3959,0.6904,0.9983,0.2573
0.4991,0.5327,0.5121,0.5076,0.5200,0.7701,0.5646,0.1479,0.3536,1.2359,0.1017
0.6734,0.6810,0.6764,0.6303,0.6400,0.9061,0.8065,0.3659,0.4803,1.0647,0.1997
0.4167,0.5083,0.4509,0.5187,0.5600,0.8379,0.6172,0.2684,0.4052,0.8135,0.1589
0.8990,0.7688,0.8091,0.8375,0.8400,0.9605,0.9155,0.5658,0.7665,0.6809,0.3333
0.9268,0.8264,0.8615,0.8771,0.8800,0.9733,0.9355,0.6792,0.8306,1.0094,0.1850
0.7099,0.7308,0.7058,0.7920,0.8000,0.9509,0.8875,0.6400,0.6975,1.0160,0.4297
0.5929,0.5045,0.4311,0.4733,0.5200,0.8373,0.7088,0.2764,0.3808,0.8099,0.2246
0.5750,0.5556,0.5605,0.6575,0.6667,0.8600,0.6979,0.4308,0.5214,1.0257,0.2058
0.7167,0.7264,0.7186,0.7557,0.7500,0.9045,0.7967,0.4970,0.6612,0.7579,0.3322
Final Result | Precision: 0.6808 ï¿½ 0.1568 | Recall: 0.6641 ï¿½ 0.1204 | F1 Score: 0.6486 ï¿½ 0.1432 | F1 Score (Weighted): 0.6807 ï¿½ 0.1376 | ACC: 0.6937 ï¿½ 0.1252 | ARI: 0.4267 ï¿½ 0.1624 | MCC: 0.5787 ï¿½ 0.1628 | AUC: 0.8953 ï¿½ 0.0636 | PR AUC: 0.7822 ï¿½ 0.1234 | DBI: 0.9412 ï¿½ 0.1605 | SS: 0.2428 ï¿½ 0.0923
(w/o Contrastive)
Precision | Recall | F1 Score | F1 Score (Weighted) | ACC | AUC | PR AUC | ARI | MCC | DBI | SS
0.8542,0.8667,0.8461,0.8803,0.8800,0.9701,0.9463,0.8077,0.8345,1.4143,0.1736
0.8042,0.7768,0.7654,0.7521,0.7600,0.8981,0.8155,0.4148,0.6822,1.8815,0.1045
0.9167,0.9750,0.9368,0.9629,0.9600,0.9893,0.9785,0.9052,0.9459,1.0392,0.2603
0.8500,0.8125,0.8143,0.8357,0.8400,0.9707,0.9314,0.6222,0.7829,1.5926,0.0207
0.7812,0.7937,0.7743,0.8622,0.8400,0.9803,0.9473,0.6888,0.7841,1.5225,0.1417
0.7576,0.7917,0.7585,0.7979,0.8000,0.9637,0.9210,0.5533,0.7240,1.7254,0.1169
0.7708,0.8558,0.7900,0.8352,0.8400,0.9403,0.8632,0.7231,0.7685,1.3366,0.1685
0.8810,0.7768,0.8042,0.8393,0.8400,0.9797,0.9555,0.6212,0.7781,1.2207,0.1863
0.8597,0.7431,0.7569,0.8171,0.8333,0.9549,0.8991,0.6315,0.7658,1.5046,-0.0114
0.7259,0.6986,0.6975,0.7241,0.7083,0.9300,0.8382,0.3628,0.6119,1.2239,0.2314
Final Result | Precision: 0.8201 ± 0.0580 | Recall: 0.8091 ± 0.0723 | F1 Score: 0.7944 ± 0.0607 | F1 Score (Weighted): 0.8307 ± 0.0631 | ACC: 0.8302 ± 0.0636 | ARI: 0.6331 ± 0.1559 | MCC: 0.7678 ± 0.0839 | AUC: 0.9577 ± 0.0264 | PR AUC: 0.9096 ± 0.0514 | DBI: 1.4461 ± 0.2402 | SS: 0.1393 ± 0.0812
