(No Percentile)
Precision | Recall | F1 Score | F1 Score (Weighted) | ACC | AUC | PR AUC | ARI | MCC | DBI | SS
0.7681,0.7306,0.7460,0.8029,0.8000,0.9636,0.9159,0.5825,0.6763,0.7264,0.4310
0.9271,0.7854,0.8231,0.8833,0.8923,0.9627,0.9357,0.7263,0.8232,0.6599,0.4574
0.8568,0.9187,0.8791,0.8932,0.8923,0.9647,0.9243,0.6989,0.8286,0.5604,0.6031
0.8716,0.7937,0.8252,0.8400,0.8462,0.9527,0.8872,0.6223,0.7444,0.7537,0.3954
0.8568,0.7688,0.7908,0.8301,0.8308,0.9727,0.9350,0.5840,0.7265,0.5617,0.4469
0.8329,0.8552,0.8405,0.8449,0.8462,0.9716,0.9341,0.6171,0.7491,0.6424,0.4747
0.7954,0.7562,0.7730,0.8278,0.8281,0.9645,0.9221,0.6253,0.7217,0.6005,0.5043
0.7265,0.6914,0.7065,0.7611,0.7656,0.9363,0.8809,0.5171,0.6175,0.6408,0.3747
0.8516,0.8516,0.8516,0.8750,0.8750,0.9719,0.9244,0.7029,0.7997,0.5934,0.4672
0.8341,0.8132,0.8174,0.8356,0.8438,0.9488,0.8974,0.6162,0.7474,0.6919,0.5019
Final Result | Precision: 0.8321 ï¿½ 0.0537 | Recall: 0.7965 ï¿½ 0.0629 | F1 Score: 0.8053 ï¿½ 0.0492 | F1 (Weighted): 0.8394 ï¿½ 0.0372 | ACC: 0.8420 ï¿½ 0.0376 | ARI: 0.6292 ï¿½ 0.0607 | MCC: 0.7434 ï¿½ 0.0616 | AUC: 0.9610 ï¿½ 0.0111 | PR AUC: 0.9157 ï¿½ 0.0191 | DBI: 0.6431 ï¿½ 0.0629 | SS: 0.4657 ï¿½ 0.0605
(Percentile)
Precision | Recall | F1 Score | F1 Score (Weighted) | ACC | AUC | PR AUC | ARI | MCC | DBI | SS
0.7973,0.7691,0.7787,0.8335,0.8308,0.9685,0.9294,0.6236,0.7295,0.6654,0.4338
0.9252,0.7854,0.8206,0.8826,0.8923,0.9699,0.9386,0.7263,0.8240,0.5415,0.4511
0.7807,0.8482,0.8099,0.7856,0.7846,0.8979,0.8220,0.4589,0.6657,0.9907,0.3831
0.8774,0.7759,0.8162,0.8224,0.8308,0.9380,0.8749,0.5759,0.7180,0.7122,0.3696
0.8909,0.8115,0.8279,0.8760,0.8769,0.9719,0.9345,0.6912,0.8045,0.5513,0.4464
0.8881,0.9076,0.8942,0.9072,0.9077,0.9721,0.9379,0.7600,0.8498,0.6601,0.4558
0.8085,0.7633,0.7832,0.8413,0.8438,0.9709,0.9315,0.6666,0.7453,0.5901,0.4992
0.7004,0.6914,0.6948,0.7600,0.7656,0.9562,0.9051,0.5172,0.6189,0.6296,0.3560
0.8253,0.8253,0.8253,0.8438,0.8438,0.9771,0.9471,0.6324,0.7496,1.4107,0.3472
0.9069,0.8275,0.8580,0.8664,0.8750,0.9472,0.8995,0.6927,0.7982,0.5644,0.5422
Final Result | Precision: 0.8401 ± 0.0664 | Recall: 0.8005 ± 0.0551 | F1 Score: 0.8109 ± 0.0501 | F1 (Weighted): 0.8419 ± 0.0424 | ACC: 0.8451 ± 0.0429 | ARI: 0.6345 ± 0.0894 | MCC: 0.7504 ± 0.0682 | AUC: 0.9570 ± 0.0230 | PR AUC: 0.9120 ± 0.0367 | DBI: 0.7316 ± 0.2579 | SS: 0.4285 ± 0.0608
