(No Percentile)
Precision | Recall | F1 Score | F1 Score (Weighted) | ACC | AUC | PR AUC | ARI | MCC | DBI | SS
0.8513,0.8434,0.8470,0.8905,0.8923,0.9871,0.9677,0.7913,0.8247,0.6401,0.4628
0.8477,0.6788,0.7266,0.7862,0.8000,0.9541,0.9099,0.5361,0.6639,0.7032,0.4854
0.9375,0.8234,0.8596,0.8683,0.8769,0.9458,0.9157,0.6587,0.8025,0.5758,0.4360
0.8273,0.8711,0.8464,0.8460,0.8462,0.9521,0.8897,0.5941,0.7530,0.6214,0.4326
0.9023,0.7897,0.8250,0.8730,0.8769,0.9831,0.9525,0.7059,0.7962,0.4698,0.5109
0.7415,0.7334,0.7323,0.7815,0.7846,0.9308,0.8605,0.5316,0.6440,0.5982,0.4969
0.8444,0.7775,0.8024,0.8491,0.8594,0.9551,0.9043,0.6762,0.7717,0.7337,0.3819
0.8152,0.8874,0.8444,0.8599,0.8594,0.9753,0.9435,0.6579,0.7842,0.6350,0.4615
0.8952,0.8482,0.8675,0.8782,0.8750,0.9708,0.9288,0.6880,0.7999,0.6341,0.5125
0.7508,0.6677,0.6985,0.7715,0.7812,0.9435,0.8918,0.5064,0.6366,0.6822,0.4481
Final Result | Precision: 0.8413 ï¿½ 0.0592 | Recall: 0.7921 ï¿½ 0.0735 | F1 Score: 0.8050 ï¿½ 0.0593 | F1 (Weighted): 0.8404 ï¿½ 0.0417 | ACC: 0.8452 ï¿½ 0.0391 | ARI: 0.6346 ï¿½ 0.0859 | MCC: 0.7477 ï¿½ 0.0679 | AUC: 0.9598 ï¿½ 0.0175 | PR AUC: 0.9164 ï¿½ 0.0308 | DBI: 0.6294 ï¿½ 0.0698 | SS: 0.4629 ï¿½ 0.0385
(Percentile)
Precision | Recall | F1 Score | F1 Score (Weighted) | ACC | AUC | PR AUC | ARI | MCC | DBI | SS
0.9240,0.9319,0.9251,0.9382,0.9385,0.9890,0.9746,0.8433,0.9006,0.8293,0.3825
0.8785,0.7918,0.8202,0.8491,0.8462,0.9596,0.9042,0.6186,0.7517,1.0811,0.3170
0.9535,0.8770,0.9067,0.9211,0.9231,0.9721,0.9422,0.7742,0.8751,0.9608,0.2818
0.7953,0.7729,0.7832,0.7990,0.8000,0.9355,0.8764,0.5042,0.6694,0.6118,0.4220
0.9023,0.7897,0.8250,0.8730,0.8769,0.9773,0.9437,0.7059,0.7962,0.4755,0.4862
0.7401,0.7212,0.7219,0.7745,0.7846,0.9299,0.8666,0.5425,0.6416,0.5693,0.4756
0.8812,0.8275,0.8433,0.8656,0.8750,0.9303,0.8663,0.6862,0.8001,0.6879,0.4188
0.8268,0.9066,0.8548,0.8796,0.8750,0.9775,0.9496,0.6997,0.8126,0.6308,0.4831
0.8486,0.7525,0.7868,0.8159,0.8125,0.9731,0.9313,0.5727,0.6962,0.6038,0.5034
0.8580,0.6941,0.7409,0.8023,0.8125,0.9337,0.8830,0.5440,0.6889,0.6357,0.4490
Final Result | Precision: 0.8608 ± 0.0593 | Recall: 0.8065 ± 0.0746 | F1 Score: 0.8208 ± 0.0622 | F1 (Weighted): 0.8518 ± 0.0512 | ACC: 0.8544 ± 0.0495 | ARI: 0.6491 ± 0.1052 | MCC: 0.7633 ± 0.0837 | AUC: 0.9578 ± 0.0219 | PR AUC: 0.9138 ± 0.0373 | DBI: 0.7086 ± 0.1797 | SS: 0.4219 ± 0.0709
