(No Percentile)
Precision | Recall | F1 Score | F1 Score (Weighted) | ACC | AUC | PR AUC | ARI | MCC | DBI | SS
0.9046,0.8522,0.8752,0.8756,0.8769,0.9662,0.9288,0.6603,0.7980,0.4880,0.5243
0.8329,0.8226,0.8270,0.8484,0.8462,0.9649,0.9273,0.6246,0.7514,0.6449,0.4941
0.8995,0.7828,0.8222,0.8344,0.8462,0.9603,0.9085,0.6097,0.7487,0.6334,0.4148
0.7552,0.7153,0.7319,0.7801,0.7846,0.9419,0.8677,0.5081,0.6429,0.6904,0.3528
0.7762,0.7868,0.7769,0.8267,0.8308,0.9419,0.8633,0.6197,0.7230,0.6827,0.4201
0.7595,0.7318,0.7420,0.8100,0.8154,0.9644,0.9174,0.5962,0.6970,0.7758,0.4708
0.8564,0.7905,0.8195,0.8263,0.8281,0.9677,0.9278,0.5969,0.7183,0.6016,0.4651
0.8429,0.8419,0.8400,0.8341,0.8281,0.9766,0.9410,0.5908,0.7311,0.5703,0.4553
0.9322,0.8346,0.8692,0.8804,0.8906,0.9674,0.9232,0.7320,0.8273,0.6538,0.4693
0.7396,0.6826,0.6935,0.8160,0.8281,0.9700,0.9282,0.6624,0.7198,0.8485,0.2759
Final Result | Precision: 0.8299 ï¿½ 0.0658 | Recall: 0.7841 ï¿½ 0.0546 | F1 Score: 0.7997 ï¿½ 0.0579 | F1 (Weighted): 0.8332 ï¿½ 0.0283 | ACC: 0.8375 ï¿½ 0.0285 | ARI: 0.6201 ï¿½ 0.0553 | MCC: 0.7357 ï¿½ 0.0485 | AUC: 0.9621 ï¿½ 0.0109 | PR AUC: 0.9133 ï¿½ 0.0252 | DBI: 0.6589 ï¿½ 0.0961 | SS: 0.4343 ï¿½ 0.0692
(Percentile)
Precision | Recall | F1 Score | F1 Score (Weighted) | ACC | AUC | PR AUC | ARI | MCC | DBI | SS
0.8893,0.8453,0.8645,0.8616,0.8615,0.9743,0.9440,0.6244,0.7739,0.5953,0.4599
0.8085,0.7603,0.7816,0.8295,0.8308,0.9696,0.9292,0.6219,0.7215,0.5728,0.4626
0.9233,0.8810,0.8984,0.8879,0.8923,0.9579,0.8716,0.7165,0.8233,0.6004,0.4174
0.7965,0.6905,0.7212,0.7454,0.7538,0.8823,0.8157,0.4313,0.5887,0.7640,0.3373
0.7652,0.7481,0.7561,0.7702,0.7692,0.9365,0.8636,0.4809,0.6210,0.6749,0.4773
0.8645,0.7580,0.7896,0.8402,0.8462,0.9653,0.9182,0.6391,0.7455,0.6069,0.5062
0.8706,0.7976,0.8291,0.8394,0.8438,0.9644,0.9225,0.6341,0.7437,0.6313,0.4515
0.8398,0.8611,0.8428,0.8509,0.8438,0.9763,0.9430,0.6254,0.7608,0.8580,0.3645
0.9069,0.8275,0.8580,0.8664,0.8750,0.9732,0.9282,0.6927,0.7982,0.6377,0.4829
0.7850,0.7749,0.7699,0.8248,0.8281,0.9542,0.9073,0.6382,0.7226,0.5941,0.4911
Final Result | Precision: 0.8450 ± 0.0516 | Recall: 0.7944 ± 0.0561 | F1 Score: 0.8111 ± 0.0530 | F1 (Weighted): 0.8316 ± 0.0413 | ACC: 0.8344 ± 0.0410 | ARI: 0.6105 ± 0.0834 | MCC: 0.7299 ± 0.0697 | AUC: 0.9554 ± 0.0268 | PR AUC: 0.9043 ± 0.0392 | DBI: 0.6535 ± 0.0858 | SS: 0.4451 ± 0.0527
