(Percentile)
Precision | Recall | F1 Score | F1 Score (Weighted) | ACC | AUC | PR AUC | ARI | MCC | DBI | SS
0.8299,0.7372,0.7347,0.8584,0.8676,0.9768,0.9373,0.7436,0.7872,0.8232,0.1905
0.9150,0.9397,0.9224,0.9242,0.9254,0.9784,0.9471,0.7867,0.8764,0.8612,0.3364
0.7513,0.7400,0.7411,0.8646,0.8657,0.9729,0.9290,0.7013,0.7753,0.8437,0.4083
0.7218,0.6697,0.6892,0.8533,0.8507,0.9634,0.8968,0.5994,0.7623,0.7436,0.2754
0.8187,0.7575,0.7814,0.8503,0.8507,0.9236,0.8469,0.6335,0.7774,0.7185,0.4019
0.9578,0.7667,0.8110,0.8968,0.9104,0.9849,0.9565,0.7819,0.8496,0.5255,0.4026
0.8362,0.7848,0.7866,0.8699,0.8657,0.9660,0.9007,0.7040,0.7937,0.5901,0.4671
0.9049,0.7733,0.7939,0.8121,0.8209,0.9715,0.9134,0.5298,0.7352,0.7466,0.2046
0.8058,0.6856,0.7120,0.7618,0.7612,0.9315,0.8303,0.4961,0.6583,0.7504,0.4075
0.9406,0.9350,0.9375,0.9551,0.9552,0.9844,0.9726,0.9106,0.9365,0.7898,0.4008
Final Result | Precision: 0.8482 ï¿½ 0.0753 | Recall: 0.7789 ï¿½ 0.0865 | F1 Score: 0.7910 ï¿½ 0.0784 | F1 Score (Weighted): 0.8647 ï¿½ 0.0515 | ACC: 0.8674 ï¿½ 0.0519 | ARI: 0.6887 ï¿½ 0.1201 | MCC: 0.7952 ï¿½ 0.0733 | AUC: 0.9653 ï¿½ 0.0201 | PR AUC: 0.9131 ï¿½ 0.0437 | DBI: 0.7393 ï¿½ 0.1020 | SS: 0.3495 ï¿½ 0.0899
(No miRNA)
Precision | Recall | F1 Score | F1 Score (Weighted) | ACC | AUC | PR AUC | ARI | MCC | DBI | SS
0.7907,0.7167,0.7043,0.8309,0.8382,0.9757,0.9342,0.6684,0.7392,0.7802,0.2181
0.8778,0.9179,0.8847,0.8946,0.8955,0.9667,0.9245,0.7153,0.8283,0.8679,0.3599
0.7513,0.7400,0.7411,0.8646,0.8657,0.9592,0.9009,0.7013,0.7753,0.7885,0.4315
0.7054,0.6197,0.6416,0.8355,0.8358,0.9571,0.8935,0.5887,0.7383,0.6103,0.3137
0.8278,0.7454,0.7760,0.8457,0.8507,0.9483,0.8562,0.6445,0.7787,0.5633,0.4264
0.9578,0.7667,0.8110,0.8968,0.9104,0.9805,0.9483,0.7819,0.8496,0.4792,0.4603
0.8362,0.7848,0.7866,0.8699,0.8657,0.9237,0.7992,0.7040,0.7937,0.5750,0.4599
0.9085,0.7351,0.7735,0.8108,0.8209,0.9571,0.8839,0.5447,0.7338,0.6962,0.2048
0.7871,0.6611,0.6909,0.7347,0.7313,0.9288,0.8068,0.4469,0.6148,0.6991,0.4309
0.9598,0.9750,0.9654,0.9705,0.9701,0.9883,0.9658,0.9301,0.9582,0.7080,0.4575
Final Result | Precision: 0.8402 ï¿½ 0.0811 | Recall: 0.7662 ï¿½ 0.1020 | F1 Score: 0.7775 ï¿½ 0.0898 | F1 Score (Weighted): 0.8554 ï¿½ 0.0587 | ACC: 0.8585 ï¿½ 0.0593 | ARI: 0.6726 ï¿½ 0.1253 | MCC: 0.7810 ï¿½ 0.0848 | AUC: 0.9585 ï¿½ 0.0198 | PR AUC: 0.8913 ï¿½ 0.0536 | DBI: 0.6768 ï¿½ 0.1132 | SS: 0.3763 ï¿½ 0.0937
(No Methy)
Precision | Recall | F1 Score | F1 Score (Weighted) | ACC | AUC | PR AUC | ARI | MCC | DBI | SS
0.8324,0.7923,0.7905,0.8677,0.8676,0.9689,0.9261,0.7118,0.7963,0.7289,0.2896
0.8983,0.9346,0.9126,0.9099,0.9104,0.9626,0.9293,0.7463,0.8523,0.6650,0.3701
0.8027,0.7917,0.7968,0.8793,0.8806,0.9807,0.9469,0.7126,0.7958,0.7578,0.4194
0.7272,0.6745,0.6956,0.8615,0.8507,0.9484,0.9107,0.6080,0.7648,0.6076,0.3728
0.8349,0.7579,0.7875,0.8624,0.8657,0.9401,0.8452,0.6749,0.8002,0.5770,0.4754
0.9110,0.8067,0.8400,0.8914,0.8955,0.9661,0.9290,0.7422,0.8227,0.5384,0.4180
0.7695,0.7694,0.7596,0.8565,0.8507,0.9431,0.8805,0.6895,0.7705,0.6567,0.4791
0.8643,0.8539,0.8528,0.8070,0.8060,0.9552,0.8917,0.4886,0.7232,0.7235,0.3290
0.8127,0.7141,0.7346,0.7738,0.7761,0.9234,0.8147,0.5021,0.6783,0.6456,0.4484
0.8931,0.8736,0.8801,0.8953,0.8955,0.9852,0.9629,0.7462,0.8534,0.7077,0.4722
Final Result | Precision: 0.8346 ï¿½ 0.0561 | Recall: 0.7969 ï¿½ 0.0723 | F1 Score: 0.8050 ï¿½ 0.0635 | F1 Score (Weighted): 0.8605 ï¿½ 0.0393 | ACC: 0.8599 ï¿½ 0.0396 | ARI: 0.6622 ï¿½ 0.0923 | MCC: 0.7858 ï¿½ 0.0519 | AUC: 0.9574 ï¿½ 0.0182 | PR AUC: 0.9037 ï¿½ 0.0439 | DBI: 0.6608 ï¿½ 0.0673 | SS: 0.4074 ï¿½ 0.0621
(No gene)
Precision | Recall | F1 Score | F1 Score (Weighted) | ACC | AUC | PR AUC | ARI | MCC | DBI | SS
0.8316,0.7679,0.7494,0.8275,0.8382,0.9547,0.8860,0.6433,0.7365,0.9911,0.2186
0.8286,0.7864,0.7981,0.8812,0.8806,0.9730,0.9456,0.7549,0.8006,0.8354,0.3246
0.6706,0.5517,0.5771,0.7968,0.8060,0.9642,0.9063,0.6567,0.6634,0.7515,0.3012
0.6792,0.6486,0.6582,0.8198,0.8209,0.9476,0.8130,0.5506,0.7156,0.8071,0.2830
0.8294,0.8321,0.8173,0.8220,0.8209,0.9279,0.8649,0.5671,0.7369,0.8249,0.3394
0.6629,0.6450,0.6320,0.7891,0.8358,0.9641,0.9059,0.6425,0.7181,0.7816,0.4236
0.7825,0.7076,0.7251,0.7999,0.7910,0.9442,0.8687,0.5593,0.6700,0.6170,0.4858
0.6419,0.6500,0.6446,0.7270,0.7463,0.9211,0.8055,0.4225,0.6217,0.7779,0.1651
0.8177,0.7141,0.7351,0.7787,0.7761,0.8959,0.7647,0.5271,0.6823,0.7862,0.4031
0.8415,0.8582,0.8441,0.8501,0.8507,0.9695,0.9187,0.6806,0.7904,0.9641,0.3184
Final Result | Precision: 0.7586 ï¿½ 0.0794 | Recall: 0.7162 ï¿½ 0.0908 | F1 Score: 0.7181 ï¿½ 0.0835 | F1 Score (Weighted): 0.8092 ï¿½ 0.0397 | ACC: 0.8167 ï¿½ 0.0367 | ARI: 0.6005 ï¿½ 0.0891 | MCC: 0.7135 ï¿½ 0.0533 | AUC: 0.9462 ï¿½ 0.0234 | PR AUC: 0.8679 ï¿½ 0.0542 | DBI: 0.8137 ï¿½ 0.1002 | SS: 0.3263 ï¿½ 0.0901
(without contrastive)
Precision | Recall | F1 Score | F1 Score (Weighted) | ACC | AUC | PR AUC | ARI | MCC | DBI | SS
0.8408,0.8372,0.8299,0.8718,0.8676,0.9818,0.9395,0.6844,0.8003,0.9581,0.2729
0.8247,0.8877,0.8316,0.8574,0.8507,0.9771,0.9269,0.6304,0.7610,1.0071,0.2193
0.8195,0.8283,0.8072,0.8521,0.8507,0.9818,0.9380,0.6380,0.7516,1.0758,0.2900
0.6795,0.6083,0.6253,0.8077,0.8060,0.9796,0.9277,0.5314,0.6918,0.7078,0.2827
0.7814,0.8056,0.7866,0.8464,0.8507,0.9650,0.8933,0.6399,0.7803,0.8626,0.3182
0.8850,0.8017,0.8230,0.8803,0.8806,0.9840,0.9496,0.7331,0.8016,0.8369,0.3091
0.8070,0.6904,0.7013,0.8171,0.8209,0.9741,0.9184,0.6119,0.7105,0.8075,0.2647
0.8615,0.7604,0.7640,0.7822,0.7910,0.9651,0.8831,0.4705,0.6944,0.9174,0.2010
0.8120,0.7141,0.7340,0.7777,0.7761,0.9595,0.8722,0.5154,0.6796,0.9980,0.2877
0.8624,0.9207,0.8845,0.9269,0.9254,0.9940,0.9799,0.8337,0.8956,0.9329,0.3609
Final Result | Precision: 0.8174 ± 0.0544 | Recall: 0.7854 ± 0.0895 | F1 Score: 0.7787 ± 0.0715 | F1 Score (Weighted): 0.8420 ± 0.0441 | ACC: 0.8420 ± 0.0424 | ARI: 0.6289 ± 0.1019 | MCC: 0.7567 ± 0.0632 | AUC: 0.9762 ± 0.0099 | PR AUC: 0.9228 ± 0.0309 | DBI: 0.9104 ± 0.1032 | SS: 0.2806 ± 0.0438
