(Percentile)
Precision | Recall | F1 Score | F1 Score (Weighted) | ACC | AUC | PR AUC | ARI | MCC | DBI | SS
0.7725,0.8106,0.7734,0.7841,0.7931,0.9683,0.9234,0.5498,0.7249,0.9143,0.2878
0.7958,0.8012,0.7893,0.7865,0.7931,0.9354,0.8072,0.4988,0.7249,0.9177,0.3312
0.9410,0.9125,0.9198,0.9298,0.9310,0.9893,0.9729,0.8227,0.9081,0.8185,0.3317
0.8705,0.9087,0.8845,0.8960,0.8966,0.9960,0.9885,0.7586,0.8583,0.9508,0.3965
0.8830,0.8330,0.8428,0.8522,0.8571,0.9762,0.9342,0.6412,0.8113,0.8895,0.3243
0.7944,0.8438,0.8091,0.8249,0.8214,0.9609,0.9182,0.5628,0.7601,0.7888,0.4172
0.9583,0.9062,0.9249,0.9281,0.9286,0.9889,0.9713,0.7888,0.9050,1.0252,0.2752
0.8854,0.9021,0.8829,0.8974,0.8929,0.9643,0.9295,0.7333,0.8587,0.8273,0.4084
0.7903,0.8056,0.7815,0.7726,0.7857,0.9596,0.9059,0.4816,0.7259,0.9781,0.2812
0.6972,0.7379,0.7081,0.7875,0.7857,0.9026,0.8382,0.5759,0.6990,0.9892,0.3666
Final Result | Precision: 0.8389 ï¿½ 0.0778 | Recall: 0.8462 ï¿½ 0.0565 | F1 Score: 0.8316 ï¿½ 0.0674 | F1 Score (Weighted): 0.8459 ï¿½ 0.0596 | ACC: 0.8485 ï¿½ 0.0569 | ARI: 0.6414 ï¿½ 0.1189 | MCC: 0.7976 ï¿½ 0.0763 | AUC: 0.9642 ï¿½ 0.0266 | PR AUC: 0.9189 ï¿½ 0.0548 | DBI: 0.9099 ï¿½ 0.0750 | SS: 0.3420 ï¿½ 0.0503
(No Mirna)
Precision | Recall | F1 Score | F1 Score (Weighted) | ACC | AUC | PR AUC | ARI | MCC | DBI | SS
0.7725,0.8106,0.7734,0.7841,0.7931,0.9746,0.9378,0.5498,0.7249,0.8242,0.3221
0.7652,0.7655,0.7495,0.7441,0.7586,0.9104,0.7907,0.4430,0.6798,0.8583,0.3503
0.9132,0.8812,0.8886,0.8975,0.8966,0.9917,0.9771,0.7307,0.8621,0.7665,0.3669
0.9097,0.9365,0.9173,0.9322,0.9310,0.9968,0.9909,0.8379,0.9058,0.8951,0.4657
0.8528,0.7973,0.8079,0.8155,0.8214,0.9613,0.9060,0.5585,0.7633,0.8088,0.3508
0.7944,0.8438,0.8091,0.8249,0.8214,0.9745,0.9349,0.5628,0.7601,0.7245,0.4732
0.8958,0.8646,0.8754,0.8933,0.8929,0.9923,0.9793,0.7325,0.8552,0.9366,0.3406
0.8854,0.9021,0.8829,0.8974,0.8929,0.9609,0.9425,0.7333,0.8587,0.6827,0.4763
0.8125,0.8056,0.7806,0.7750,0.7857,0.9575,0.9035,0.4752,0.7344,0.9025,0.3262
0.6479,0.6902,0.6563,0.7220,0.7143,0.9230,0.8599,0.4287,0.6042,1.0271,0.3795
Final Result | Precision: 0.8249 ï¿½ 0.0795 | Recall: 0.8297 ï¿½ 0.0681 | F1 Score: 0.8141 ï¿½ 0.0752 | F1 Score (Weighted): 0.8286 ï¿½ 0.0692 | ACC: 0.8308 ï¿½ 0.0667 | ARI: 0.6052 ï¿½ 0.1356 | MCC: 0.7748 ï¿½ 0.0899 | AUC: 0.9643 ï¿½ 0.0273 | PR AUC: 0.9223 ï¿½ 0.0580 | DBI: 0.8426 ï¿½ 0.0981 | SS: 0.3852 ï¿½ 0.0589
(No Methy)
Precision | Recall | F1 Score | F1 Score (Weighted) | ACC | AUC | PR AUC | ARI | MCC | DBI | SS
0.8771,0.9044,0.8874,0.8976,0.8966,0.9746,0.9435,0.7497,0.8591,0.7495,0.4058
0.9036,0.8976,0.8973,0.8963,0.8966,0.9524,0.8921,0.7213,0.8611,0.8218,0.3694
0.9167,0.8875,0.8906,0.8956,0.8966,0.9857,0.9667,0.7176,0.8654,0.8275,0.4038
0.9750,0.9643,0.9676,0.9651,0.9655,0.9988,0.9965,0.9045,0.9533,0.6850,0.4965
0.8528,0.8063,0.8070,0.8107,0.8214,0.9792,0.9474,0.5727,0.7686,0.7742,0.3824
0.9500,0.9688,0.9556,0.9651,0.9643,0.9711,0.9402,0.9273,0.9507,0.6801,0.4008
0.8750,0.8438,0.8535,0.8873,0.8929,0.9741,0.9429,0.7752,0.8547,0.9294,0.3202
0.9273,0.9375,0.9246,0.9263,0.9286,0.9592,0.9232,0.8095,0.9065,0.6640,0.4706
0.8508,0.8532,0.8491,0.8536,0.8571,0.9715,0.9312,0.6505,0.8090,0.6848,0.4277
0.8167,0.9023,0.8315,0.8629,0.8571,0.9660,0.9261,0.6746,0.8152,0.8251,0.4469
Final Result | Precision: 0.8945 ï¿½ 0.0465 | Recall: 0.8965 ï¿½ 0.0495 | F1 Score: 0.8864 ï¿½ 0.0498 | F1 Score (Weighted): 0.8961 ï¿½ 0.0455 | ACC: 0.8977 ï¿½ 0.0437 | ARI: 0.7503 ï¿½ 0.1041 | MCC: 0.8643 ï¿½ 0.0565 | AUC: 0.9733 ï¿½ 0.0124 | PR AUC: 0.9410 ï¿½ 0.0261 | DBI: 0.7642 ï¿½ 0.0827 | SS: 0.4124 ï¿½ 0.0484
(No Gene)
Precision | Recall | F1 Score | F1 Score (Weighted) | ACC | AUC | PR AUC | ARI | MCC | DBI | SS
0.6333,0.6610,0.5909,0.6061,0.6207,0.9069,0.8044,0.2341,0.5200,1.0191,0.2653
0.6736,0.6798,0.6522,0.6324,0.6552,0.8474,0.7179,0.2979,0.5420,1.0156,0.2893
0.7786,0.7786,0.7786,0.7931,0.7931,0.9164,0.8230,0.5224,0.7157,1.1150,0.1959
0.7837,0.8004,0.7884,0.8341,0.8276,0.9489,0.8792,0.6204,0.7632,0.7880,0.3963
0.6708,0.6679,0.6678,0.6770,0.6786,0.8856,0.7839,0.3039,0.5672,1.0937,0.2987
0.7542,0.8125,0.7685,0.7912,0.7857,0.8822,0.7292,0.5106,0.7133,0.6916,0.4472
0.7667,0.7979,0.7702,0.7827,0.7857,0.9315,0.8557,0.5116,0.7133,0.9359,0.2804
0.7250,0.7458,0.6939,0.6710,0.6786,0.8516,0.7179,0.2824,0.5975,0.8534,0.4023
0.6500,0.6667,0.6168,0.6009,0.6429,0.8822,0.7778,0.2953,0.5502,0.9301,0.3275
0.6354,0.6424,0.6107,0.6773,0.6429,0.8452,0.6453,0.3516,0.5361,0.8590,0.3793
Final Result | Precision: 0.7071 ï¿½ 0.0577 | Recall: 0.7253 ï¿½ 0.0645 | F1 Score: 0.6938 ï¿½ 0.0731 | F1 Score (Weighted): 0.7066 ï¿½ 0.0815 | ACC: 0.7111 ï¿½ 0.0736 | ARI: 0.3930 ï¿½ 0.1273 | MCC: 0.6219 ï¿½ 0.0885 | AUC: 0.8898 ï¿½ 0.0341 | PR AUC: 0.7734 ï¿½ 0.0679 | DBI: 0.9301 ï¿½ 0.1281 | SS: 0.3282 ï¿½ 0.0728
(0.6 - 0.1 - 0.3)
Precision | Recall | F1 Score | F1 Score (Weighted) | ACC | AUC | PR AUC | ARI | MCC | DBI | SS
0.8771,0.9044,0.8874,0.8976,0.8966,0.9806,0.9561,0.7497,0.8591,0.6629,0.4483
0.8772,0.8619,0.8646,0.8603,0.8621,0.9604,0.9054,0.6315,0.8147,0.7206,0.4072
0.9444,0.9125,0.9199,0.9320,0.9310,0.9909,0.9778,0.8227,0.9097,0.7117,0.4707
0.9750,0.9643,0.9676,0.9651,0.9655,0.9976,0.9933,0.9045,0.9533,0.6358,0.5418
0.8528,0.8063,0.8070,0.8107,0.8214,0.9834,0.9570,0.5727,0.7686,0.7299,0.4057
0.9500,0.9688,0.9556,0.9651,0.9643,0.9800,0.9600,0.9273,0.9507,0.6143,0.4490
0.8750,0.8438,0.8535,0.8873,0.8929,0.9796,0.9513,0.7752,0.8547,0.8360,0.3746
0.9273,0.9375,0.9246,0.9263,0.9286,0.9575,0.9423,0.8095,0.9065,0.5733,0.5433
0.8893,0.8810,0.8829,0.8889,0.8929,0.9817,0.9526,0.7502,0.8564,0.6432,0.4582
0.8542,0.9250,0.8702,0.8931,0.8929,0.9796,0.9513,0.7734,0.8602,0.7423,0.4837
Final Result | Precision: 0.9022 ï¿½ 0.0411 | Recall: 0.9005 ï¿½ 0.0498 | F1 Score: 0.8933 ï¿½ 0.0465 | F1 Score (Weighted): 0.9026 ï¿½ 0.0447 | ACC: 0.9048 ï¿½ 0.0421 | ARI: 0.7717 ï¿½ 0.1030 | MCC: 0.8734 ï¿½ 0.0550 | AUC: 0.9791 ï¿½ 0.0115 | PR AUC: 0.9547 ï¿½ 0.0216 | DBI: 0.6870 ï¿½ 0.0722 | SS: 0.4582 ï¿½ 0.0525
(without contrastive)
Precision | Recall | F1 Score | F1 Score (Weighted) | ACC | AUC | PR AUC | ARI | MCC | DBI | SS
0.8771,0.9044,0.8874,0.8976,0.8966,0.9865,0.9692,0.7497,0.8591,1.2967,0.1926
0.7603,0.7345,0.7451,0.7283,0.7241,0.9174,0.7954,0.3634,0.6244,1.5599,0.1211
0.8910,0.9250,0.8967,0.8915,0.8966,0.9869,0.9671,0.7099,0.8687,1.4103,0.2905
0.9000,0.9472,0.9096,0.9377,0.9310,0.9857,0.9619,0.8409,0.9103,1.3316,0.2226
0.8528,0.8063,0.8070,0.8107,0.8214,0.9456,0.8739,0.5727,0.7686,1.7594,0.0830
0.6688,0.6875,0.6734,0.7227,0.7143,0.9258,0.8331,0.4600,0.5994,1.2662,0.2478
0.8847,0.8708,0.8751,0.8923,0.8929,0.9919,0.9787,0.7408,0.8531,1.7196,0.0669
0.7000,0.7271,0.6843,0.6719,0.6786,0.9179,0.8302,0.3108,0.5800,1.1727,0.1871
0.8518,0.8611,0.8518,0.8517,0.8571,0.9683,0.9100,0.6417,0.8110,1.2183,0.2036
0.8314,0.9023,0.8474,0.8574,0.8571,0.9796,0.9489,0.6401,0.8093,1.2923,0.2046
Final Result | Precision: 0.8218 ± 0.0787 | Recall: 0.8366 ± 0.0873 | F1 Score: 0.8178 ± 0.0830 | F1 Score (Weighted): 0.8262 ± 0.0849 | ACC: 0.8270 ± 0.0849 | ARI: 0.6030 ± 0.1660 | MCC: 0.7684 ± 0.1157 | AUC: 0.9606 ± 0.0292 | PR AUC: 0.9068 ± 0.0651 | DBI: 1.4027 ± 0.1966 | SS: 0.1820 ± 0.0675
